time inst | th1           | th2           | th3           | th4           | th5           | th6           | th7           | th8           | th9           | th10
1	        EXECUTING	    	            	            	            	            	            	            	            	            	            
2	        EXECUTING	    	            	            READY	        	            	            	            	            	            	            
3	        EXECUTING	    	            	            READY	        READY	        	            	            	            	            	            
4	        READY	        READY	        	            READY	        READY	        	            	            	            	            	            
5	        READY	        READY	        READY	        READY	        READY	        	            	            	            	            	            
6	        READY	        READY	        READY	        READY	        READY	        	            	            	            	            READY	        
7	        READY	        READY	        READY	        EXECUTING	    READY	        	            	            	            READY	        READY	        
8	        READY	        READY	        READY	        EXECUTING	    READY	        	            	            	            READY	        READY	        
9	        READY	        READY	        READY	        INTERRUPTIBLE   READY	        READY	        	            	            READY	        READY	        
10	        READY	        READY	        READY	        READY	        READY	        READY	        	            READY	        READY	        READY	        
11	        READY	        READY	        READY	        READY	        READY	        READY	        	            READY	        READY	        READY	        
12	        READY	        READY	        READY	        READY	        EXECUTING	    READY	        	            READY	        READY	        READY	        
13	        READY	        READY	        READY	        READY	        EXECUTING	    READY	        READY	        READY	        READY	        READY	        
14	        READY	        READY	        READY	        READY	        EXECUTING	    READY	        READY	        READY	        READY	        READY	        
15	        READY	        READY	        READY	        READY	        READY	        READY	        READY	        READY	        READY	        READY	        
16	        READY	        READY	        READY	        READY	        READY	        READY	        READY	        READY	        READY	        READY	        
17	        READY	        READY	        READY	        READY	        READY	        READY	        READY	        READY	        READY	        READY	        
18	        READY	        EXECUTING	    READY	        READY	        READY	        READY	        READY	        READY	        READY	        READY	        
19	        READY	        EXECUTING	    READY	        READY	        READY	        READY	        READY	        READY	        READY	        READY	        
20	        READY	        EXECUTING	    READY	        READY	        READY	        READY	        READY	        READY	        READY	        READY	        
21	        READY	        READY	        READY	        READY	        READY	        READY	        READY	        READY	        READY	        READY	        
22	        READY	        READY	        READY	        READY	        READY	        READY	        READY	        READY	        READY	        READY	        
23	        READY	        READY	        READY	        READY	        READY	        READY	        READY	        READY	        READY	        READY	        
24	        EXECUTING	    READY	        READY	        READY	        READY	        READY	        READY	        READY	        READY	        READY	        
25	        EXECUTING	    READY	        READY	        READY	        READY	        READY	        READY	        READY	        READY	        READY	        
26	        INTERRUPTIBLE   READY	        READY	        READY	        READY	        READY	        READY	        READY	        READY	        READY	        
27	        INTERRUPTIBLE   READY	        READY	        READY	        READY	        READY	        READY	        READY	        READY	        READY	        
28	        INTERRUPTIBLE   READY	        READY	        READY	        READY	        READY	        READY	        READY	        READY	        READY	        
29	        INTERRUPTIBLE   READY	        EXECUTING	    READY	        READY	        READY	        READY	        READY	        READY	        READY	        
30	        READY	        READY	        EXECUTING	    READY	        READY	        READY	        READY	        READY	        READY	        READY	        
31	        READY	        READY	        INTERRUPTIBLE   READY	        READY	        READY	        READY	        READY	        READY	        READY	        
32	        READY	        READY	        READY	        READY	        READY	        READY	        READY	        READY	        READY	        READY	        
33	        READY	        READY	        READY	        READY	        READY	        READY	        READY	        READY	        READY	        READY	        
34	        READY	        READY	        READY	        READY	        READY	        READY	        READY	        READY	        READY	        EXECUTING	    
35	        READY	        READY	        READY	        READY	        READY	        READY	        READY	        READY	        READY	        EXECUTING	    
36	        READY	        READY	        READY	        READY	        READY	        READY	        READY	        READY	        READY	        EXECUTING	    
37	        READY	        READY	        READY	        READY	        READY	        READY	        READY	        READY	        READY	        INTERRUPTIBLE   
38	        READY	        READY	        READY	        READY	        READY	        READY	        READY	        READY	        READY	        INTERRUPTIBLE   
39	        READY	        READY	        READY	        READY	        READY	        READY	        READY	        READY	        READY	        INTERRUPTIBLE   
40	        READY	        READY	        READY	        READY	        READY	        READY	        READY	        READY	        EXECUTING	    INTERRUPTIBLE   
41	        READY	        READY	        READY	        READY	        READY	        READY	        READY	        READY	        EXECUTING	    INTERRUPTIBLE   
42	        READY	        READY	        READY	        READY	        READY	        READY	        READY	        READY	        EXECUTING	    READY	        
43	        READY	        READY	        READY	        READY	        READY	        READY	        READY	        READY	        READY	        READY	        
44	        READY	        READY	        READY	        READY	        READY	        READY	        READY	        READY	        READY	        READY	        
45	        READY	        READY	        READY	        READY	        READY	        READY	        READY	        READY	        READY	        READY	        
46	        READY	        READY	        READY	        READY	        READY	        EXECUTING	    READY	        READY	        READY	        READY	        
47	        READY	        READY	        READY	        READY	        READY	        EXECUTING	    READY	        READY	        READY	        READY	        
48	        READY	        READY	        READY	        READY	        READY	        EXECUTING	    READY	        READY	        READY	        READY	        
49	        READY	        READY	        READY	        READY	        READY	        READY	        READY	        READY	        READY	        READY	        
50	        READY	        READY	        READY	        READY	        READY	        READY	        READY	        READY	        READY	        READY	        
51	        READY	        READY	        READY	        READY	        READY	        READY	        READY	        READY	        READY	        READY	        
52	        READY	        READY	        READY	        EXECUTING	    READY	        READY	        READY	        READY	        READY	        READY	        
53	        READY	        READY	        READY	        EXECUTING	    READY	        READY	        READY	        READY	        READY	        READY	        
54	        READY	        READY	        READY	        INTERRUPTIBLE   READY	        READY	        READY	        READY	        READY	        READY	        
55	        READY	        READY	        READY	        INTERRUPTIBLE   READY	        READY	        READY	        READY	        READY	        READY	        
56	        READY	        READY	        READY	        READY	        READY	        READY	        READY	        READY	        READY	        READY	        
57	        READY	        READY	        READY	        READY	        READY	        READY	        READY	        EXECUTING	    READY	        READY	        
58	        READY	        READY	        READY	        READY	        READY	        READY	        READY	        INTERRUPTIBLE   READY	        READY	        
59	        READY	        READY	        READY	        READY	        READY	        READY	        READY	        INTERRUPTIBLE   READY	        READY	        
60	        READY	        READY	        READY	        READY	        READY	        READY	        READY	        INTERRUPTIBLE   READY	        READY	        
61	        READY	        READY	        READY	        READY	        READY	        READY	        EXECUTING	    INTERRUPTIBLE   READY	        READY	        
62	        READY	        READY	        READY	        READY	        READY	        READY	        EXECUTING	    READY	        READY	        READY	        
63	        READY	        READY	        READY	        READY	        READY	        READY	        EXECUTING	    READY	        READY	        READY	        
64	        READY	        READY	        READY	        READY	        READY	        READY	        READY	        READY	        READY	        READY	        
65	        READY	        READY	        READY	        READY	        READY	        READY	        READY	        READY	        READY	        READY	        
66	        READY	        READY	        READY	        READY	        READY	        READY	        READY	        READY	        READY	        READY	        
67	        READY	        READY	        READY	        READY	        EXECUTING	    READY	        READY	        READY	        READY	        READY	        
68	        READY	        READY	        READY	        READY	        EXECUTING	    READY	        READY	        READY	        READY	        READY	        
69	        READY	        READY	        READY	        READY	        INTERRUPTIBLE   READY	        READY	        READY	        READY	        READY	        
70	        READY	        READY	        READY	        READY	        READY	        READY	        READY	        READY	        READY	        READY	        
71	        READY	        READY	        READY	        READY	        READY	        READY	        READY	        READY	        READY	        READY	        
72	        READY	        EXECUTING	    READY	        READY	        READY	        READY	        READY	        READY	        READY	        READY	        
73	        READY	        EXECUTING	    READY	        READY	        READY	        READY	        READY	        READY	        READY	        READY	        
74	        READY	        INTERRUPTIBLE   READY	        READY	        READY	        READY	        READY	        READY	        READY	        READY	        
75	        READY	        INTERRUPTIBLE   READY	        READY	        READY	        READY	        READY	        READY	        READY	        READY	        
76	        READY	        READY	        READY	        READY	        READY	        READY	        READY	        READY	        READY	        READY	        
77	        EXECUTING	    READY	        READY	        READY	        READY	        READY	        READY	        READY	        READY	        READY	        
78	        EXECUTING	    READY	        READY	        READY	        READY	        READY	        READY	        READY	        READY	        READY	        
79	        EXECUTING	    READY	        READY	        READY	        READY	        READY	        READY	        READY	        READY	        READY	        
80	        READY	        READY	        READY	        READY	        READY	        READY	        READY	        READY	        READY	        READY	        
81	        READY	        READY	        READY	        READY	        READY	        READY	        READY	        READY	        READY	        READY	        
82	        READY	        READY	        READY	        READY	        READY	        READY	        READY	        READY	        READY	        READY	        
83	        READY	        READY	        EXECUTING	    READY	        READY	        READY	        READY	        READY	        READY	        READY	        
84	        READY	        READY	        EXECUTING	    READY	        READY	        READY	        READY	        READY	        READY	        READY	        
85	        READY	        READY	        EXECUTING	    READY	        READY	        READY	        READY	        READY	        READY	        READY	        
86	        READY	        READY	        INTERRUPTIBLE   READY	        READY	        READY	        READY	        READY	        READY	        READY	        
87	        READY	        READY	        READY	        READY	        READY	        READY	        READY	        READY	        READY	        READY	        
88	        READY	        READY	        READY	        READY	        READY	        READY	        READY	        READY	        READY	        READY	        
89	        READY	        READY	        READY	        READY	        READY	        READY	        READY	        READY	        READY	        EXECUTING	    
90	        READY	        READY	        READY	        READY	        READY	        READY	        READY	        READY	        READY	        EXECUTING	    
91	        READY	        READY	        READY	        READY	        READY	        READY	        READY	        READY	        READY	        INTERRUPTIBLE   
92	        READY	        READY	        READY	        READY	        READY	        READY	        READY	        READY	        READY	        READY	        
93	        READY	        READY	        READY	        READY	        READY	        READY	        READY	        READY	        READY	        READY	        
94	        READY	        READY	        READY	        READY	        READY	        READY	        READY	        READY	        EXECUTING	    READY	        
95	        READY	        READY	        READY	        READY	        READY	        READY	        READY	        READY	        EXECUTING	    READY	        
96	        READY	        READY	        READY	        READY	        READY	        READY	        READY	        READY	        ZOMBIE	        READY	        
97	        READY	        READY	        READY	        READY	        READY	        READY	        READY	        READY	        ZOMBIE	        READY	        
98	        READY	        READY	        READY	        READY	        READY	        READY	        READY	        READY	        	            READY	        
99	        READY	        READY	        READY	        READY	        READY	        EXECUTING	    READY	        READY	        	            READY	        
100	        READY	        READY	        READY	        READY	        READY	        INTERRUPTIBLE   READY	        READY	        	            READY	        
101	        READY	        READY	        READY	        READY	        READY	        INTERRUPTIBLE   READY	        READY	        	            READY	        
102	        READY	        READY	        READY	        READY	        READY	        READY	        READY	        READY	        	            READY	        
103	        READY	        READY	        READY	        EXECUTING	    READY	        READY	        READY	        READY	        	            READY	        
104	        READY	        READY	        READY	        EXECUTING	    READY	        READY	        READY	        READY	        	            READY	        
105	        READY	        READY	        READY	        EXECUTING	    READY	        READY	        READY	        READY	        	            READY	        
106	        READY	        READY	        READY	        READY	        READY	        READY	        READY	        READY	        	            READY	        
107	        READY	        READY	        READY	        READY	        READY	        READY	        READY	        READY	        	            READY	        
108	        READY	        READY	        READY	        READY	        READY	        READY	        READY	        READY	        	            READY	        
109	        READY	        READY	        READY	        READY	        READY	        READY	        READY	        EXECUTING	    	            READY	        
110	        READY	        READY	        READY	        READY	        READY	        READY	        READY	        EXECUTING	    	            READY	        
111	        READY	        READY	        READY	        READY	        READY	        READY	        READY	        EXECUTING	    	            READY	        
112	        READY	        READY	        READY	        READY	        READY	        READY	        READY	        INTERRUPTIBLE   	            READY	        
113	        READY	        READY	        READY	        READY	        READY	        READY	        READY	        INTERRUPTIBLE   	            READY	        
114	        READY	        READY	        READY	        READY	        READY	        READY	        READY	        READY	        	            READY	        
115	        READY	        READY	        READY	        READY	        READY	        READY	        EXECUTING	    READY	        	            READY	        
116	        READY	        READY	        READY	        READY	        READY	        READY	        INTERRUPTIBLE   READY	        	            READY	        
117	        READY	        READY	        READY	        READY	        READY	        READY	        INTERRUPTIBLE   READY	        	            READY	        
118	        READY	        READY	        READY	        READY	        READY	        READY	        READY	        READY	        	            READY	        
119	        READY	        READY	        READY	        READY	        EXECUTING	    READY	        READY	        READY	        	            READY	        
120	        READY	        READY	        READY	        READY	        EXECUTING	    READY	        READY	        READY	        	            READY	        
121	        READY	        READY	        READY	        READY	        ZOMBIE	        READY	        READY	        READY	        	            READY	        
122	        READY	        READY	        READY	        READY	        ZOMBIE	        READY	        READY	        READY	        	            READY	        
123	        READY	        READY	        READY	        READY	        	            READY	        READY	        READY	        	            READY	        
124	        READY	        EXECUTING	    READY	        READY	        	            READY	        READY	        READY	        	            READY	        
125	        READY	        EXECUTING	    READY	        READY	        	            READY	        READY	        READY	        	            READY	        
126	        READY	        INTERRUPTIBLE   READY	        READY	        	            READY	        READY	        READY	        	            READY	        
127	        READY	        READY	        READY	        READY	        	            READY	        READY	        READY	        	            READY	        
128	        READY	        READY	        READY	        READY	        	            READY	        READY	        READY	        	            READY	        
129	        EXECUTING	    READY	        READY	        READY	        	            READY	        READY	        READY	        	            READY	        
130	        EXECUTING	    READY	        READY	        READY	        	            READY	        READY	        READY	        	            READY	        
131	        INTERRUPTIBLE   READY	        READY	        READY	        	            READY	        READY	        READY	        	            READY	        
132	        INTERRUPTIBLE   READY	        READY	        READY	        	            READY	        READY	        READY	        	            READY	        
133	        READY	        READY	        READY	        READY	        	            READY	        READY	        READY	        	            READY	        
134	        READY	        READY	        EXECUTING	    READY	        	            READY	        READY	        READY	        	            READY	        
135	        READY	        READY	        EXECUTING	    READY	        	            READY	        READY	        READY	        	            READY	        
136	        READY	        READY	        EXECUTING	    READY	        	            READY	        READY	        READY	        	            READY	        
137	        READY	        READY	        READY	        READY	        	            READY	        READY	        READY	        	            READY	        
138	        READY	        READY	        READY	        READY	        	            READY	        READY	        READY	        	            READY	        
139	        READY	        READY	        READY	        READY	        	            READY	        READY	        READY	        	            READY	        
140	        READY	        READY	        READY	        READY	        	            READY	        READY	        READY	        	            EXECUTING	    
141	        READY	        READY	        READY	        READY	        	            READY	        READY	        READY	        	            EXECUTING	    
142	        READY	        READY	        READY	        READY	        	            READY	        READY	        READY	        	            EXECUTING	    
143	        READY	        READY	        READY	        READY	        	            READY	        READY	        READY	        	            INTERRUPTIBLE   
144	        READY	        READY	        READY	        READY	        	            READY	        READY	        READY	        	            READY	        
145	        READY	        READY	        READY	        READY	        	            READY	        READY	        READY	        	            READY	        
146	        READY	        READY	        READY	        READY	        	            EXECUTING	    READY	        READY	        	            READY	        
147	        READY	        READY	        READY	        READY	        	            EXECUTING	    READY	        READY	        	            READY	        
148	        READY	        READY	        READY	        READY	        	            EXECUTING	    READY	        READY	        	            READY	        
149	        READY	        READY	        READY	        READY	        	            INTERRUPTIBLE   READY	        READY	        	            READY	        
150	        READY	        READY	        READY	        READY	        	            INTERRUPTIBLE   READY	        READY	        	            READY	        
151	        READY	        READY	        READY	        READY	        	            INTERRUPTIBLE   READY	        READY	        	            READY	        
152	        READY	        READY	        READY	        EXECUTING	    	            INTERRUPTIBLE   READY	        READY	        	            READY	        
153	        READY	        READY	        READY	        ZOMBIE	        	            READY	        READY	        READY	        	            READY	        
154	        READY	        READY	        READY	        ZOMBIE	        	            READY	        READY	        READY	        	            READY	        
155	        READY	        READY	        READY	        	            	            READY	        READY	        READY	        	            READY	        
156	        READY	        READY	        READY	        	            	            READY	        READY	        EXECUTING	    	            READY	        
157	        READY	        READY	        READY	        	            	            READY	        READY	        INTERRUPTIBLE   	            READY	        
158	        READY	        READY	        READY	        	            	            READY	        READY	        INTERRUPTIBLE   	            READY	        
159	        READY	        READY	        READY	        	            	            READY	        READY	        READY	        	            READY	        
160	        READY	        READY	        READY	        	            	            READY	        EXECUTING	    READY	        	            READY	        
161	        READY	        READY	        READY	        	            	            READY	        EXECUTING	    READY	        	            READY	        
162	        READY	        READY	        READY	        	            	            READY	        INTERRUPTIBLE   READY	        	            READY	        
163	        READY	        READY	        READY	        	            	            READY	        READY	        READY	        	            READY	        
164	        READY	        READY	        READY	        	            	            READY	        READY	        READY	        	            READY	        
165	        READY	        EXECUTING	    READY	        	            	            READY	        READY	        READY	        	            READY	        
166	        READY	        EXECUTING	    READY	        	            	            READY	        READY	        READY	        	            READY	        
167	        READY	        EXECUTING	    READY	        	            	            READY	        READY	        READY	        	            READY	        
168	        READY	        INTERRUPTIBLE   READY	        	            	            READY	        READY	        READY	        	            READY	        
169	        READY	        INTERRUPTIBLE   READY	        	            	            READY	        READY	        READY	        	            READY	        
170	        READY	        INTERRUPTIBLE   READY	        	            	            READY	        READY	        READY	        	            READY	        
171	        EXECUTING	    INTERRUPTIBLE   READY	        	            	            READY	        READY	        READY	        	            READY	        
172	        INTERRUPTIBLE   INTERRUPTIBLE   READY	        	            	            READY	        READY	        READY	        	            READY	        
173	        INTERRUPTIBLE   READY	        READY	        	            	            READY	        READY	        READY	        	            READY	        
174	        INTERRUPTIBLE   READY	        READY	        	            	            READY	        READY	        READY	        	            READY	        
175	        INTERRUPTIBLE   READY	        EXECUTING	    	            	            READY	        READY	        READY	        	            READY	        
176	        INTERRUPTIBLE   READY	        INTERRUPTIBLE   	            	            READY	        READY	        READY	        	            READY	        
177	        INTERRUPTIBLE   READY	        INTERRUPTIBLE   	            	            READY	        READY	        READY	        	            READY	        
178	        INTERRUPTIBLE   READY	        INTERRUPTIBLE   	            	            READY	        READY	        READY	        	            READY	        
179	        READY	        READY	        INTERRUPTIBLE   	            	            READY	        READY	        READY	        	            EXECUTING	    
180	        READY	        READY	        INTERRUPTIBLE   	            	            READY	        READY	        READY	        	            INTERRUPTIBLE   
181	        READY	        READY	        READY	        	            	            READY	        READY	        READY	        	            INTERRUPTIBLE   
182	        READY	        READY	        READY	        	            	            READY	        READY	        READY	        	            INTERRUPTIBLE   
183	        READY	        READY	        READY	        	            	            EXECUTING	    READY	        READY	        	            INTERRUPTIBLE   
184	        READY	        READY	        READY	        	            	            EXECUTING	    READY	        READY	        	            INTERRUPTIBLE   
185	        READY	        READY	        READY	        	            	            ZOMBIE	        READY	        READY	        	            INTERRUPTIBLE   
186	        READY	        READY	        READY	        	            	            ZOMBIE	        READY	        READY	        	            READY	        
187	        READY	        READY	        READY	        	            	            	            READY	        READY	        	            READY	        
188	        READY	        READY	        READY	        	            	            	            READY	        EXECUTING	    	            READY	        
189	        READY	        READY	        READY	        	            	            	            READY	        INTERRUPTIBLE   	            READY	        
190	        READY	        READY	        READY	        	            	            	            READY	        INTERRUPTIBLE   	            READY	        
191	        READY	        READY	        READY	        	            	            	            READY	        INTERRUPTIBLE   	            READY	        
192	        READY	        READY	        READY	        	            	            	            EXECUTING	    INTERRUPTIBLE   	            READY	        
193	        READY	        READY	        READY	        	            	            	            EXECUTING	    READY	        	            READY	        
194	        READY	        READY	        READY	        	            	            	            EXECUTING	    READY	        	            READY	        
195	        READY	        READY	        READY	        	            	            	            READY	        READY	        	            READY	        
196	        READY	        READY	        READY	        	            	            	            READY	        READY	        	            READY	        
197	        READY	        READY	        READY	        	            	            	            READY	        READY	        	            READY	        
198	        READY	        EXECUTING	    READY	        	            	            	            READY	        READY	        	            READY	        
199	        READY	        EXECUTING	    READY	        	            	            	            READY	        READY	        	            READY	        
200	        READY	        EXECUTING	    READY	        	            	            	            READY	        READY	        	            READY	        
201	        READY	        ZOMBIE	        READY	        	            	            	            READY	        READY	        	            READY	        
202	        READY	        ZOMBIE	        READY	        	            	            	            READY	        READY	        	            READY	        
203	        READY	        	            READY	        	            	            	            READY	        READY	        	            READY	        
204	        EXECUTING	    	            READY	        	            	            	            READY	        READY	        	            READY	        
205	        INTERRUPTIBLE   	            READY	        	            	            	            READY	        READY	        	            READY	        
206	        READY	        	            READY	        	            	            	            READY	        READY	        	            READY	        
207	        READY	        	            READY	        	            	            	            READY	        READY	        	            READY	        
208	        READY	        	            EXECUTING	    	            	            	            READY	        READY	        	            READY	        
209	        READY	        	            INTERRUPTIBLE   	            	            	            READY	        READY	        	            READY	        
210	        READY	        	            READY	        	            	            	            READY	        READY	        	            READY	        
211	        READY	        	            READY	        	            	            	            READY	        READY	        	            READY	        
212	        READY	        	            READY	        	            	            	            READY	        READY	        	            EXECUTING	    
213	        READY	        	            READY	        	            	            	            READY	        READY	        	            ZOMBIE	        
214	        READY	        	            READY	        	            	            	            READY	        READY	        	            ZOMBIE	        
215	        READY	        	            READY	        	            	            	            READY	        READY	        	            	            
216	        READY	        	            READY	        	            	            	            READY	        EXECUTING	    	            	            
217	        READY	        	            READY	        	            	            	            READY	        EXECUTING	    	            	            
218	        READY	        	            READY	        	            	            	            READY	        ZOMBIE	        	            	            
219	        READY	        	            READY	        	            	            	            READY	        ZOMBIE	        	            	            
220	        READY	        	            READY	        	            	            	            READY	        	            	            	            
221	        READY	        	            READY	        	            	            	            EXECUTING	    	            	            	            
222	        READY	        	            READY	        	            	            	            INTERRUPTIBLE   	            	            	            
223	        READY	        	            READY	        	            	            	            INTERRUPTIBLE   	            	            	            
224	        READY	        	            READY	        	            	            	            INTERRUPTIBLE   	            	            	            
225	        EXECUTING	    	            READY	        	            	            	            READY	        	            	            	            
226	        EXECUTING	    	            READY	        	            	            	            READY	        	            	            	            
227	        EXECUTING	    	            READY	        	            	            	            READY	        	            	            	            
228	        ZOMBIE	        	            READY	        	            	            	            READY	        	            	            	            
229	        ZOMBIE	        	            READY	        	            	            	            READY	        	            	            	            
230	        	            	            READY	        	            	            	            READY	        	            	            	            
231	        	            	            EXECUTING	    	            	            	            READY	        	            	            	            
232	        	            	            EXECUTING	    	            	            	            READY	        	            	            	            
233	        	            	            ZOMBIE	        	            	            	            READY	        	            	            	            
234	        	            	            ZOMBIE	        	            	            	            READY	        	            	            	            
235	        	            	            	            	            	            	            READY	        	            	            	            
236	        	            	            	            	            	            	            EXECUTING	    	            	            	            
237	        	            	            	            	            	            	            EXECUTING	    	            	            	            
238	        	            	            	            	            	            	            INTERRUPTIBLE   	            	            	            
239	        	            	            	            	            	            	            INTERRUPTIBLE   	            	            	            
240	        	            	            	            	            	            	            INTERRUPTIBLE   	            	            	            
241	        	            	            	            	            	            	            READY	        	            	            	            
242	        	            	            	            	            	            	            EXECUTING	    	            	            	            
243	        	            	            	            	            	            	            ZOMBIE	        	            	            	            
244	        	            	            	            	            	            	            ZOMBIE	        	            	            	            
